// Jest Snapshot v1, https://goo.gl/fbAQLP

exports[`App deve renderizar o componente 1`] = `
<h1
  className="sc-bdfBQB eNUYty"
>
  Olimpiadas App
</h1>
`;
